
kuuta@たくま MINGW64 /
$ cd

kuuta@たくま MINGW64 ~
$ cd github

kuuta@たくま MINGW64 ~/github
$ mkdir git_challenge

kuuta@たくま MINGW64 ~/github
$ cd git_challenge

kuuta@たくま MINGW64 ~/github/git_challenge
$ git init
Initialized empty Git repository in C:/Users/kuuta/github/git_challenge/.git/

kuuta@たくま MINGW64 ~/github/git_challenge (main)
$ git add hello_world.txt
fatal: pathspec 'hello_world.txt' did not match any files

kuuta@たくま MINGW64 ~/github/git_challenge (main)
$ touch hello_world.txt

kuuta@たくま MINGW64 ~/github/git_challenge (main)
$ echo "Hello,world!" > hello_world.txt

kuuta@たくま MINGW64 ~/github/git_challenge (main)
$ git add hello_world.txt

kuuta@たくま MINGW64 ~/github/git_challenge (main)
$ git commit -m "hello_worldを追加"
[main (root-commit) 79ff754] hello_worldを追加
 1 file changed, 1 insertion(+)
 create mode 100644 hello_world.txt

kuuta@たくま MINGW64 ~/github/git_challenge (main)
$ head -n 1 hello_world.txt > temp.txt
echo "こんにちわ、世界！" >> temp.txt
tail -n +2 hello_world.txt >> temp.txt
mv temp.txt hello_world.txt

kuuta@たくま MINGW64 ~/github/git_challenge (main)
$ git add hello_world.txt

kuuta@たくま MINGW64 ~/github/git_challenge (main)
$ git commit -m "日本語訳を追記"
[main c3c0abd] 日本語訳を追記
 1 file changed, 1 insertion(+)

kuuta@たくま MINGW64 ~/github/git_challenge (main)
$ git log --oneline
c3c0abd (HEAD -> main) 日本語訳を追記
79ff754 hello_worldを追加
